// Jest Snapshot v1, https://goo.gl/fbAQLP

exports[`renders Profile correctly 1`] = `
<DocumentFragment>
  <div
    class="profile"
  >
    <table
      class="profile-missions"
    >
      <thead>
        <tr>
          <th>
            My Missions
          </th>
        </tr>
      </thead>
      <tbody>
        <tr>
          <td>
            Mission 1
          </td>
        </tr>
      </tbody>
    </table>
    <table
      class="profile-rockets"
    >
      <thead>
        <tr>
          <th>
            My Rockets
          </th>
        </tr>
      </thead>
      <tbody>
        <tr>
          <td>
            Rocket 2
          </td>
        </tr>
      </tbody>
    </table>
  </div>
</DocumentFragment>
`;
